Archive member included to satisfy reference by file (symbol)

/home/florijan/gnuarmemb/gcc-arm-none-eabi-9-2019-q4-major/bin/../lib/gcc/arm-none-eabi/9.2.1/../../../../arm-none-eabi/lib/thumb/v7e-m+fp/hard/libc_nano.a(lib_a-exit.o)
                              /home/florijan/gnuarmemb/gcc-arm-none-eabi-9-2019-q4-major/bin/../lib/gcc/arm-none-eabi/9.2.1/../../../../arm-none-eabi/lib/thumb/v7e-m+fp/hard/crt0.o (exit)
/home/florijan/gnuarmemb/gcc-arm-none-eabi-9-2019-q4-major/bin/../lib/gcc/arm-none-eabi/9.2.1/../../../../arm-none-eabi/lib/thumb/v7e-m+fp/hard/libc_nano.a(lib_a-impure.o)
                              /home/florijan/gnuarmemb/gcc-arm-none-eabi-9-2019-q4-major/bin/../lib/gcc/arm-none-eabi/9.2.1/../../../../arm-none-eabi/lib/thumb/v7e-m+fp/hard/libc_nano.a(lib_a-exit.o) (_global_impure_ptr)
/home/florijan/gnuarmemb/gcc-arm-none-eabi-9-2019-q4-major/bin/../lib/gcc/arm-none-eabi/9.2.1/../../../../arm-none-eabi/lib/thumb/v7e-m+fp/hard/libc_nano.a(lib_a-init.o)
                              /home/florijan/gnuarmemb/gcc-arm-none-eabi-9-2019-q4-major/bin/../lib/gcc/arm-none-eabi/9.2.1/../../../../arm-none-eabi/lib/thumb/v7e-m+fp/hard/crt0.o (__libc_init_array)
/home/florijan/gnuarmemb/gcc-arm-none-eabi-9-2019-q4-major/bin/../lib/gcc/arm-none-eabi/9.2.1/../../../../arm-none-eabi/lib/thumb/v7e-m+fp/hard/libc_nano.a(lib_a-memcpy-stub.o)
                              _build/nrf52840_xxaa/queue.c.o (memcpy)
/home/florijan/gnuarmemb/gcc-arm-none-eabi-9-2019-q4-major/bin/../lib/gcc/arm-none-eabi/9.2.1/../../../../arm-none-eabi/lib/thumb/v7e-m+fp/hard/libc_nano.a(lib_a-memset.o)
                              /home/florijan/gnuarmemb/gcc-arm-none-eabi-9-2019-q4-major/bin/../lib/gcc/arm-none-eabi/9.2.1/../../../../arm-none-eabi/lib/thumb/v7e-m+fp/hard/crt0.o (memset)
/home/florijan/gnuarmemb/gcc-arm-none-eabi-9-2019-q4-major/bin/../lib/gcc/arm-none-eabi/9.2.1/../../../../arm-none-eabi/lib/thumb/v7e-m+fp/hard/libc_nano.a(lib_a-strlen.o)
                              _build/nrf52840_xxaa/nrf_fprintf_format.c.o (strlen)
/home/florijan/gnuarmemb/gcc-arm-none-eabi-9-2019-q4-major/bin/../lib/gcc/arm-none-eabi/9.2.1/../../../../arm-none-eabi/lib/thumb/v7e-m+fp/hard/libc_nano.a(lib_a-strstr.o)
                              _build/nrf52840_xxaa/main.c.o (strstr)
/home/florijan/gnuarmemb/gcc-arm-none-eabi-9-2019-q4-major/bin/../lib/gcc/arm-none-eabi/9.2.1/../../../../arm-none-eabi/lib/thumb/v7e-m+fp/hard/libnosys.a(_exit.o)
                              /home/florijan/gnuarmemb/gcc-arm-none-eabi-9-2019-q4-major/bin/../lib/gcc/arm-none-eabi/9.2.1/../../../../arm-none-eabi/lib/thumb/v7e-m+fp/hard/libc_nano.a(lib_a-exit.o) (_exit)

Allocating common symbols
Common symbol       size              file

rx_buff             0x64              _build/nrf52840_xxaa/main.c.o
nrf_drv_uart_use_easy_dma
                    0x2               _build/nrf52840_xxaa/nrf_drv_uart.c.o
xQueueRegistry      0x10              _build/nrf52840_xxaa/queue.c.o
led2_toggle_task_handle
                    0x4               _build/nrf52840_xxaa/main.c.o
i                   0x1               _build/nrf52840_xxaa/main.c.o
led1_toggle_timer_handle
                    0x4               _build/nrf52840_xxaa/main.c.o
pwm_task_handle     0x4               _build/nrf52840_xxaa/main.c.o

Discarded input sections

 .text          0x0000000000000000        0x0 /home/florijan/gnuarmemb/gcc-arm-none-eabi-9-2019-q4-major/bin/../lib/gcc/arm-none-eabi/9.2.1/thumb/v7e-m+fp/hard/crti.o
 .data          0x0000000000000000        0x0 /home/florijan/gnuarmemb/gcc-arm-none-eabi-9-2019-q4-major/bin/../lib/gcc/arm-none-eabi/9.2.1/thumb/v7e-m+fp/hard/crti.o
 .bss           0x0000000000000000        0x0 /home/florijan/gnuarmemb/gcc-arm-none-eabi-9-2019-q4-major/bin/../lib/gcc/arm-none-eabi/9.2.1/thumb/v7e-m+fp/hard/crti.o
 .data          0x0000000000000000        0x4 /home/florijan/gnuarmemb/gcc-arm-none-eabi-9-2019-q4-major/bin/../lib/gcc/arm-none-eabi/9.2.1/thumb/v7e-m+fp/hard/crtbegin.o
 .data          0x0000000000000000        0x0 /home/florijan/gnuarmemb/gcc-arm-none-eabi-9-2019-q4-major/bin/../lib/gcc/arm-none-eabi/9.2.1/../../../../arm-none-eabi/lib/thumb/v7e-m+fp/hard/crt0.o
 .bss           0x0000000000000000        0x0 /home/florijan/gnuarmemb/gcc-arm-none-eabi-9-2019-q4-major/bin/../lib/gcc/arm-none-eabi/9.2.1/../../../../arm-none-eabi/lib/thumb/v7e-m+fp/hard/crt0.o
 .ARM.extab     0x0000000000000000        0x0 /home/florijan/gnuarmemb/gcc-arm-none-eabi-9-2019-q4-major/bin/../lib/gcc/arm-none-eabi/9.2.1/../../../../arm-none-eabi/lib/thumb/v7e-m+fp/hard/crt0.o
 .data          0x0000000000000000        0x0 _build/nrf52840_xxaa/gcc_startup_nrf52840.S.o
 .bss           0x0000000000000000        0x0 _build/nrf52840_xxaa/gcc_startup_nrf52840.S.o
 .group         0x0000000000000000        0xc _build/nrf52840_xxaa/nrf_log_frontend.c.o
 .group         0x0000000000000000        0xc _build/nrf52840_xxaa/nrf_log_frontend.c.o
[...]
Memory Configuration

Name             Origin             Length             Attributes
FLASH            0x0000000000000000 0x0000000000100000 xr
RAM              0x0000000020000000 0x0000000000040000 xrw
*default*        0x0000000000000000 0xffffffffffffffff

Linker script and memory map


.text           0x0000000000000000     0x35b4
 *(.isr_vector)
 .isr_vector    0x0000000000000000      0x200 _build/nrf52840_xxaa/gcc_startup_nrf52840.S.o
                0x0000000000000000                __isr_vector
 *(.text*)
 .text          0x0000000000000200       0x40 /home/florijan/gnuarmemb/gcc-arm-none-eabi-9-2019-q4-major/bin/../lib/gcc/arm-none-eabi/9.2.1/thumb/v7e-m+fp/hard/crtbegin.o
 .text          0x0000000000000240       0x74 /home/florijan/gnuarmemb/gcc-arm-none-eabi-9-2019-q4-major/bin/../lib/gcc/arm-none-eabi/9.2.1/../../../../arm-none-eabi/lib/thumb/v7e-m+fp/hard/crt0.o
                0x0000000000000240                _mainCRTStartup
                0x0000000000000240                _start
 .text          0x00000000000002b4       0x3c _build/nrf52840_xxaa/gcc_startup_nrf52840.S.o
                0x00000000000002b4                Reset_Handler
                0x00000000000002dc                NMI_Handler
                0x00000000000002de                HardFault_Handler
                0x00000000000002e0                MemoryManagement_Handler
                0x00000000000002e2                BusFault_Handler
                0x00000000000002e4                UsageFault_Handler
                0x00000000000002e8                DebugMon_Handler
                0x00000000000002ec                SysTick_Handler
                0x00000000000002ee                TIMER2_IRQHandler
                0x00000000000002ee                RTC0_IRQHandler
                0x00000000000002ee                SWI0_EGU0_IRQHandler
                0x00000000000002ee                SWI2_EGU2_IRQHandler
                0x00000000000002ee                PWM1_IRQHandler
                0x00000000000002ee                RADIO_IRQHandler
                0x00000000000002ee                PDM_IRQHandler
                0x00000000000002ee                TEMP_IRQHandler
                0x00000000000002ee                QDEC_IRQHandler
                0x00000000000002ee                TIMER3_IRQHandler
                0x00000000000002ee                PWM3_IRQHandler
                0x00000000000002ee                FPU_IRQHandler
                0x00000000000002ee                USBD_IRQHandler
                0x00000000000002ee                SPIM0_SPIS0_TWIM0_TWIS0_SPI0_TWI0_IRQHandler
                0x00000000000002ee                TIMER4_IRQHandler
                0x00000000000002ee                CRYPTOCELL_IRQHandler
                0x00000000000002ee                I2S_IRQHandler
                0x00000000000002ee                SWI4_EGU4_IRQHandler
                0x00000000000002ee                TIMER0_IRQHandler
                0x00000000000002ee                UARTE1_IRQHandler
                0x00000000000002ee                TIMER1_IRQHandler
                0x00000000000002ee                SPIM3_IRQHandler
                0x00000000000002ee                PWM2_IRQHandler
                0x00000000000002ee                ECB_IRQHandler
                0x00000000000002ee                SPIM1_SPIS1_TWIM1_TWIS1_SPI1_TWI1_IRQHandler
                0x00000000000002ee                Default_Handler
                0x00000000000002ee                SAADC_IRQHandler
                0x00000000000002ee                CCM_AAR_IRQHandler
                0x00000000000002ee                WDT_IRQHandler
                0x00000000000002ee                SWI5_EGU5_IRQHandler
                0x00000000000002ee                RNG_IRQHandler
                0x00000000000002ee                RTC2_IRQHandler
                0x00000000000002ee                PWM0_IRQHandler
                0x00000000000002ee                SWI3_EGU3_IRQHandler
                0x00000000000002ee                SWI1_EGU1_IRQHandler
                0x00000000000002ee                SPIM2_SPIS2_SPI2_IRQHandler
                0x00000000000002ee                NFCT_IRQHandler
                0x00000000000002ee                MWU_IRQHandler
                0x00000000000002ee                QSPI_IRQHandler
                0x00000000000002ee                COMP_LPCOMP_IRQHandler
 .text.bsp_board_led_on
                0x00000000000002f0       0x24 _build/nrf52840_xxaa/boards.c.o
                0x00000000000002f0                bsp_board_led_on
 .text.bsp_board_led_off
                0x0000000000000314       0x24 _build/nrf52840_xxaa/boards.c.o
                0x0000000000000314                bsp_board_led_off
 .text.bsp_board_led_invert
                0x0000000000000338       0x34 _build/nrf52840_xxaa/boards.c.o
                0x0000000000000338                bsp_board_led_invert
 .text.bsp_board_init
                0x000000000000036c       0x5c _build/nrf52840_xxaa/boards.c.o
                0x000000000000036c                bsp_board_init
 .text.pvPortMalloc
                0x00000000000003c8       0x58 _build/nrf52840_xxaa/heap_1.c.o
                0x00000000000003c8                pvPortMalloc
 .text.vPortFree
                0x0000000000000420        0x4 _build/nrf52840_xxaa/heap_1.c.o
                0x0000000000000420                vPortFree
 .text.vListInitialise
                0x0000000000000424       0x18 _build/nrf52840_xxaa/list.c.o
                0x0000000000000424                vListInitialise
 .text.vListInitialiseItem
                0x000000000000043c        0x8 _build/nrf52840_xxaa/list.c.o
                0x000000000000043c                vListInitialiseItem
 .text.vListInsertEnd
                0x0000000000000444       0x18 _build/nrf52840_xxaa/list.c.o
                0x0000000000000444                vListInsertEnd
 .text.vListInsert
                0x000000000000045c       0x30 _build/nrf52840_xxaa/list.c.o
                0x000000000000045c                vListInsert
 .text.uxListRemove
                0x000000000000048c       0x24 _build/nrf52840_xxaa/list.c.o
                0x000000000000048c                uxListRemove
 .text.vPortStartFirstTask
                0x00000000000004b0       0x1c _build/nrf52840_xxaa/port.c.o
                0x00000000000004b0                vPortStartFirstTask
 .text.SVC_Handler
                0x00000000000004cc       0x20 _build/nrf52840_xxaa/port.c.o
                0x00000000000004cc                SVC_Handler
 .text.PendSV_Handler
                0x00000000000004ec       0x60 _build/nrf52840_xxaa/port.c.o
                0x00000000000004ec                PendSV_Handler
 .text.prvTaskExitError
                0x000000000000054c        0x8 _build/nrf52840_xxaa/port_cmsis.c.o
 .text.pxPortInitialiseStack
                0x0000000000000554       0x2c _build/nrf52840_xxaa/port_cmsis.c.o
                0x0000000000000554                pxPortInitialiseStack
 .text.xPortStartScheduler
                0x0000000000000580       0x4c _build/nrf52840_xxaa/port_cmsis.c.o
                0x0000000000000580                xPortStartScheduler
 .text.vPortEnterCritical
                0x00000000000005cc       0x14 _build/nrf52840_xxaa/port_cmsis.c.o
                0x00000000000005cc                vPortEnterCritical
 .text.vPortExitCritical
                0x00000000000005e0       0x14 _build/nrf52840_xxaa/port_cmsis.c.o
                0x00000000000005e0                vPortExitCritical
 .text.RTC1_IRQHandler
                0x00000000000005f4       0x88 _build/nrf52840_xxaa/port_cmsis_systick.c.o
                0x00000000000005f4                RTC1_IRQHandler
 .text.vPortSetupTimerInterrupt
                0x000000000000067c       0x40 _build/nrf52840_xxaa/port_cmsis_systick.c.o
                0x000000000000067c                vPortSetupTimerInterrupt
 .text.vPortSuppressTicksAndSleep
                0x00000000000006bc       0xe4 _build/nrf52840_xxaa/port_cmsis_systick.c.o
                0x00000000000006bc                vPortSuppressTicksAndSleep
 .text.xQueueGenericCreate
                0x00000000000007a0       0x74 _build/nrf52840_xxaa/queue.c.o
                0x00000000000007a0                xQueueGenericCreate
 .text.xQueueGenericSend
                0x0000000000000814      0x360 _build/nrf52840_xxaa/queue.c.o
                0x0000000000000814                xQueueGenericSend
 .text.xQueueGenericSendFromISR
                0x0000000000000b74       0xfc _build/nrf52840_xxaa/queue.c.o
                0x0000000000000b74                xQueueGenericSendFromISR
 .text.xQueueReceive
                0x0000000000000c70      0x2b8 _build/nrf52840_xxaa/queue.c.o
                0x0000000000000c70                xQueueReceive
 .text.vQueueAddToRegistry
                0x0000000000000f28       0x24 _build/nrf52840_xxaa/queue.c.o
                0x0000000000000f28                vQueueAddToRegistry
 .text.vQueueWaitForMessageRestricted
                0x0000000000000f4c       0xcc _build/nrf52840_xxaa/queue.c.o
                0x0000000000000f4c                vQueueWaitForMessageRestricted
 .text.xTaskCreate
                0x0000000000001018      0x1f0 _build/nrf52840_xxaa/tasks.c.o
                0x0000000000001018                xTaskCreate
 .text.vTaskStartScheduler
                0x0000000000001208      0x1c4 _build/nrf52840_xxaa/tasks.c.o
                0x0000000000001208                vTaskStartScheduler
 .text.vTaskSuspendAll
                0x00000000000013cc       0x10 _build/nrf52840_xxaa/tasks.c.o
                0x00000000000013cc                vTaskSuspendAll
 .text.xTaskGetTickCount
                0x00000000000013dc        0xc _build/nrf52840_xxaa/tasks.c.o
                0x00000000000013dc                xTaskGetTickCount
 .text.vTaskStepTick
                0x00000000000013e8       0x10 _build/nrf52840_xxaa/tasks.c.o
                0x00000000000013e8                vTaskStepTick
 .text.xTaskIncrementTick
                0x00000000000013f8      0x134 _build/nrf52840_xxaa/tasks.c.o
                0x00000000000013f8                xTaskIncrementTick
 .text.xTaskResumeAll
                0x000000000000152c      0x12c _build/nrf52840_xxaa/tasks.c.o
                0x000000000000152c                xTaskResumeAll
 .text.vTaskDelay
                0x0000000000001658       0x9c _build/nrf52840_xxaa/tasks.c.o
                0x0000000000001658                vTaskDelay
 .text.prvIdleTask
                0x00000000000016f4       0xfc _build/nrf52840_xxaa/tasks.c.o
 .text.vTaskSwitchContext
                0x00000000000017f0       0x6c _build/nrf52840_xxaa/tasks.c.o
                0x00000000000017f0                vTaskSwitchContext
 .text.vTaskPlaceOnEventList
                0x000000000000185c       0x90 _build/nrf52840_xxaa/tasks.c.o
                0x000000000000185c                vTaskPlaceOnEventList
 .text.vTaskPlaceOnEventListRestricted
                0x00000000000018ec       0xa4 _build/nrf52840_xxaa/tasks.c.o
                0x00000000000018ec                vTaskPlaceOnEventListRestricted
 .text.xTaskRemoveFromEventList
                0x0000000000001990       0xa4 _build/nrf52840_xxaa/tasks.c.o
                0x0000000000001990                xTaskRemoveFromEventList
 .text.vTaskInternalSetTimeOutState
                0x0000000000001a34       0x18 _build/nrf52840_xxaa/tasks.c.o
                0x0000000000001a34                vTaskInternalSetTimeOutState
 .text.xTaskCheckForTimeOut
                0x0000000000001a4c       0x68 _build/nrf52840_xxaa/tasks.c.o
                0x0000000000001a4c                xTaskCheckForTimeOut
 .text.vTaskMissedYield
                0x0000000000001ab4        0xc _build/nrf52840_xxaa/tasks.c.o
                0x0000000000001ab4                vTaskMissedYield
 .text.eTaskConfirmSleepModeStatus
                0x0000000000001ac0       0x38 _build/nrf52840_xxaa/tasks.c.o
                0x0000000000001ac0                eTaskConfirmSleepModeStatus
 .text.xTaskGetSchedulerState
                0x0000000000001af8       0x20 _build/nrf52840_xxaa/tasks.c.o
                0x0000000000001af8                xTaskGetSchedulerState
 .text.xTaskPriorityDisinherit
                0x0000000000001b18       0x8c _build/nrf52840_xxaa/tasks.c.o
                0x0000000000001b18                xTaskPriorityDisinherit
 .text.prvSwitchTimerLists
                0x0000000000001ba4       0x88 _build/nrf52840_xxaa/timers.c.o
 .text.prvTimerTask
                0x0000000000001c2c      0x238 _build/nrf52840_xxaa/timers.c.o
 .text.xTimerCreateTimerTask
                0x0000000000001e64       0x84 _build/nrf52840_xxaa/timers.c.o
                0x0000000000001e64                xTimerCreateTimerTask
 .text.xTimerCreate
                0x0000000000001ee8       0x98 _build/nrf52840_xxaa/timers.c.o
                0x0000000000001ee8                xTimerCreate
 .text.xTimerGenericCommand
                0x0000000000001f80       0x58 _build/nrf52840_xxaa/timers.c.o
                0x0000000000001f80                xTimerGenericCommand
 .text.app_error_handler_bare
                0x0000000000001fd8       0x20 _build/nrf52840_xxaa/app_error.c.o
                0x0000000000001fd8                app_error_handler_bare
 .text.app_error_fault_handler
                0x0000000000001ff8       0x34 _build/nrf52840_xxaa/app_error_weak.c.o
                0x0000000000001ff8                app_error_fault_handler
 .text.app_util_critical_region_enter
                0x000000000000202c       0x10 _build/nrf52840_xxaa/app_util_platform.c.o
                0x000000000000202c                app_util_critical_region_enter
 .text.app_util_critical_region_exit
                0x000000000000203c       0x14 _build/nrf52840_xxaa/app_util_platform.c.o
                0x000000000000203c                app_util_critical_region_exit
 .text.clock_irq_handler
                0x0000000000002050       0x44 _build/nrf52840_xxaa/nrf_drv_clock.c.o
 .text.nrf_drv_clock_init
                0x0000000000002094       0x44 _build/nrf52840_xxaa/nrf_drv_clock.c.o
                0x0000000000002094                nrf_drv_clock_init
 .text.nrf_drv_clock_lfclk_request
                0x00000000000020d8       0x5c _build/nrf52840_xxaa/nrf_drv_clock.c.o
                0x00000000000020d8                nrf_drv_clock_lfclk_request
 .text.nrfx_uarte_init
                0x0000000000002134      0x214 _build/nrf52840_xxaa/nrfx_uarte.c.o
                0x0000000000002134                nrfx_uarte_init
 .text.nrfx_uarte_tx
                0x0000000000002348       0xb4 _build/nrf52840_xxaa/nrfx_uarte.c.o
                0x0000000000002348                nrfx_uarte_tx
 .text.nrfx_uarte_tx_in_progress
                0x00000000000023fc       0x1c _build/nrf52840_xxaa/nrfx_uarte.c.o
                0x00000000000023fc                nrfx_uarte_tx_in_progress
 .text.nrfx_uarte_rx
                0x0000000000002418      0x130 _build/nrf52840_xxaa/nrfx_uarte.c.o
                0x0000000000002418                nrfx_uarte_rx
 .text.UARTE0_UART0_IRQHandler
                0x0000000000002548      0x160 _build/nrf52840_xxaa/nrfx_uarte.c.o
                0x0000000000002548                UARTE0_UART0_IRQHandler
 .text.nrfx_clock_init
                0x00000000000026a8       0x18 _build/nrf52840_xxaa/nrfx_clock.c.o
                0x00000000000026a8                nrfx_clock_init
 .text.nrfx_clock_enable
                0x00000000000026c0       0x24 _build/nrf52840_xxaa/nrfx_clock.c.o
                0x00000000000026c0                nrfx_clock_enable
 .text.nrfx_clock_lfclk_start
                0x00000000000026e4       0x30 _build/nrf52840_xxaa/nrfx_clock.c.o
                0x00000000000026e4                nrfx_clock_lfclk_start
 .text.POWER_CLOCK_IRQHandler
                0x0000000000002714       0x6c _build/nrf52840_xxaa/nrfx_clock.c.o
                0x0000000000002714                POWER_CLOCK_IRQHandler
 .text.GPIOTE_IRQHandler
                0x0000000000002780      0x500 _build/nrf52840_xxaa/nrfx_gpiote.c.o
                0x0000000000002780                GPIOTE_IRQHandler
 .text.app_fifo_init
                0x0000000000002c80       0x20 _build/nrf52840_xxaa/app_fifo.c.o
                0x0000000000002c80                app_fifo_init
 .text.app_fifo_put
                0x0000000000002ca0       0x30 _build/nrf52840_xxaa/app_fifo.c.o
                0x0000000000002ca0                app_fifo_put
 .text.app_fifo_get
                0x0000000000002cd0       0x2c _build/nrf52840_xxaa/app_fifo.c.o
                0x0000000000002cd0                app_fifo_get
 .text.uart_event_handler
                0x0000000000002cfc       0xd4 _build/nrf52840_xxaa/app_uart_fifo.c.o
 .text.app_uart_init
                0x0000000000002dd0       0xd8 _build/nrf52840_xxaa/app_uart_fifo.c.o
                0x0000000000002dd0                app_uart_init
 .text.app_uart_get
                0x0000000000002ea8       0x40 _build/nrf52840_xxaa/app_uart_fifo.c.o
                0x0000000000002ea8                app_uart_get
 .text.app_uart_put
                0x0000000000002ee8       0x44 _build/nrf52840_xxaa/app_uart_fifo.c.o
                0x0000000000002ee8                app_uart_put
 .text.uarte_evt_handler
                0x0000000000002f2c       0x34 _build/nrf52840_xxaa/nrf_drv_uart.c.o
 .text.nrf_drv_uart_init
                0x0000000000002f60       0x5c _build/nrf52840_xxaa/nrf_drv_uart.c.o
                0x0000000000002f60                nrf_drv_uart_init
 .text.led_toggle_timer_callback
                0x0000000000002fbc        0x8 _build/nrf52840_xxaa/main.c.o
 .text.pwm_function
                0x0000000000002fc4       0x28 _build/nrf52840_xxaa/main.c.o
 .text.led2_toggle_task_function
                0x0000000000002fec       0x14 _build/nrf52840_xxaa/main.c.o
 .text.uart_event_handle
                0x0000000000003000       0xe0 _build/nrf52840_xxaa/main.c.o
                0x0000000000003000                uart_event_handle
 .text.startup.main
                0x00000000000030e0       0xec _build/nrf52840_xxaa/main.c.o
                0x00000000000030e0                main
 .text.SystemInit
                0x00000000000031cc      0x254 _build/nrf52840_xxaa/system_nrf52840.c.o
                0x00000000000031cc                SystemInit
 .text.exit     0x0000000000003420       0x28 /home/florijan/gnuarmemb/gcc-arm-none-eabi-9-2019-q4-major/bin/../lib/gcc/arm-none-eabi/9.2.1/../../../../arm-none-eabi/lib/thumb/v7e-m+fp/hard/libc_nano.a(lib_a-exit.o)
                0x0000000000003420                exit
 .text.__libc_init_array
                0x0000000000003448       0x48 /home/florijan/gnuarmemb/gcc-arm-none-eabi-9-2019-q4-major/bin/../lib/gcc/arm-none-eabi/9.2.1/../../../../arm-none-eabi/lib/thumb/v7e-m+fp/hard/libc_nano.a(lib_a-init.o)
                0x0000000000003448                __libc_init_array
 .text.memcpy   0x0000000000003490       0x1c /home/florijan/gnuarmemb/gcc-arm-none-eabi-9-2019-q4-major/bin/../lib/gcc/arm-none-eabi/9.2.1/../../../../arm-none-eabi/lib/thumb/v7e-m+fp/hard/libc_nano.a(lib_a-memcpy-stub.o)
                0x0000000000003490                memcpy
 .text.memset   0x00000000000034ac       0x10 /home/florijan/gnuarmemb/gcc-arm-none-eabi-9-2019-q4-major/bin/../lib/gcc/arm-none-eabi/9.2.1/../../../../arm-none-eabi/lib/thumb/v7e-m+fp/hard/libc_nano.a(lib_a-memset.o)
                0x00000000000034ac                memset
 .text          0x00000000000034bc       0x10 /home/florijan/gnuarmemb/gcc-arm-none-eabi-9-2019-q4-major/bin/../lib/gcc/arm-none-eabi/9.2.1/../../../../arm-none-eabi/lib/thumb/v7e-m+fp/hard/libc_nano.a(lib_a-strlen.o)
                0x00000000000034bc                strlen
 .text.strstr   0x00000000000034cc       0x2e /home/florijan/gnuarmemb/gcc-arm-none-eabi-9-2019-q4-major/bin/../lib/gcc/arm-none-eabi/9.2.1/../../../../arm-none-eabi/lib/thumb/v7e-m+fp/hard/libc_nano.a(lib_a-strstr.o)
                0x00000000000034cc                strstr
 *fill*         0x00000000000034fa        0x2 
 .text._exit    0x00000000000034fc        0x4 /home/florijan/gnuarmemb/gcc-arm-none-eabi-9-2019-q4-major/bin/../lib/gcc/arm-none-eabi/9.2.1/../../../../arm-none-eabi/lib/thumb/v7e-m+fp/hard/libnosys.a(_exit.o)
                0x00000000000034fc                _exit
 *(.init)
 .init          0x0000000000003500        0x4 /home/florijan/gnuarmemb/gcc-arm-none-eabi-9-2019-q4-major/bin/../lib/gcc/arm-none-eabi/9.2.1/thumb/v7e-m+fp/hard/crti.o
                0x0000000000003500                _init
 .init          0x0000000000003504        0x8 /home/florijan/gnuarmemb/gcc-arm-none-eabi-9-2019-q4-major/bin/../lib/gcc/arm-none-eabi/9.2.1/thumb/v7e-m+fp/hard/crtn.o
 *(.fini)
 .fini          0x000000000000350c        0x4 /home/florijan/gnuarmemb/gcc-arm-none-eabi-9-2019-q4-major/bin/../lib/gcc/arm-none-eabi/9.2.1/thumb/v7e-m+fp/hard/crti.o
                0x000000000000350c                _fini
 .fini          0x0000000000003510        0x8 /home/florijan/gnuarmemb/gcc-arm-none-eabi-9-2019-q4-major/bin/../lib/gcc/arm-none-eabi/9.2.1/thumb/v7e-m+fp/hard/crtn.o
 *crtbegin.o(.ctors)
 *crtbegin?.o(.ctors)
 *(EXCLUDE_FILE(*crtend.o *crtend?.o) .ctors)
 *(SORT_BY_NAME(.ctors.*))
 *(.ctors)
 *crtbegin.o(.dtors)
 *crtbegin?.o(.dtors)
 *(EXCLUDE_FILE(*crtend.o *crtend?.o) .dtors)
 *(SORT_BY_NAME(.dtors.*))
 *(.dtors)
 *(.rodata*)
 .rodata.m_board_led_list
                0x0000000000003518        0x4 _build/nrf52840_xxaa/boards.c.o
 .rodata.xTimerCreateTimerTask.str1.4
                0x000000000000351c       0x10 _build/nrf52840_xxaa/timers.c.o
 .rodata        0x000000000000352c       0x20 _build/nrf52840_xxaa/app_uart_fifo.c.o
 .rodata.uart_event_handle.str1.4
                0x000000000000354c       0x24 _build/nrf52840_xxaa/main.c.o
 .rodata.main.str1.4
                0x0000000000003570       0x11 _build/nrf52840_xxaa/main.c.o
 *fill*         0x0000000000003581        0x3 
 .rodata        0x0000000000003584       0x18 _build/nrf52840_xxaa/main.c.o
 .rodata.CSWTCH.15
                0x000000000000359c        0x6 _build/nrf52840_xxaa/system_nrf52840.c.o
 *fill*         0x00000000000035a2        0x2 
 .rodata.CSWTCH.6
                0x00000000000035a4        0x6 _build/nrf52840_xxaa/system_nrf52840.c.o
 *fill*         0x00000000000035aa        0x2 
 .rodata._global_impure_ptr
                0x00000000000035ac        0x4 /home/florijan/gnuarmemb/gcc-arm-none-eabi-9-2019-q4-major/bin/../lib/gcc/arm-none-eabi/9.2.1/../../../../arm-none-eabi/lib/thumb/v7e-m+fp/hard/libc_nano.a(lib_a-impure.o)
                0x00000000000035ac                _global_impure_ptr
 *(.eh_frame*)
 .eh_frame      0x00000000000035b0        0x0 /home/florijan/gnuarmemb/gcc-arm-none-eabi-9-2019-q4-major/bin/../lib/gcc/arm-none-eabi/9.2.1/thumb/v7e-m+fp/hard/crtbegin.o
 .eh_frame      0x00000000000035b0        0x4 /home/florijan/gnuarmemb/gcc-arm-none-eabi-9-2019-q4-major/bin/../lib/gcc/arm-none-eabi/9.2.1/thumb/v7e-m+fp/hard/crtend.o

.glue_7         0x00000000000035b4        0x0
 .glue_7        0x00000000000035b4        0x0 linker stubs

.glue_7t        0x00000000000035b4        0x0
 .glue_7t       0x00000000000035b4        0x0 linker stubs

.vfp11_veneer   0x00000000000035b4        0x0
 .vfp11_veneer  0x00000000000035b4        0x0 linker stubs

.v4_bx          0x00000000000035b4        0x0
 .v4_bx         0x00000000000035b4        0x0 linker stubs

.iplt           0x00000000000035b4        0x0
 .iplt          0x00000000000035b4        0x0 /home/florijan/gnuarmemb/gcc-arm-none-eabi-9-2019-q4-major/bin/../lib/gcc/arm-none-eabi/9.2.1/thumb/v7e-m+fp/hard/crtbegin.o

.mem_section_dummy_rom

.log_const_data
                0x00000000000035b4        0x0
                [!provide]                        PROVIDE (__start_log_const_data = .)
 *(SORT_BY_NAME(.log_const_data*))
                [!provide]                        PROVIDE (__stop_log_const_data = .)

.log_backends   0x00000000000035b4        0x0
                [!provide]                        PROVIDE (__start_log_backends = .)
 *(SORT_BY_NAME(.log_backends*))
                [!provide]                        PROVIDE (__stop_log_backends = .)

.nrf_balloc     0x00000000000035b4        0x0
                [!provide]                        PROVIDE (__start_nrf_balloc = .)
 *(.nrf_balloc)
                [!provide]                        PROVIDE (__stop_nrf_balloc = .)

.ARM.extab
 *(.ARM.extab* .gnu.linkonce.armextab.*)
                0x00000000000035b4                __exidx_start = .

.ARM.exidx      0x00000000000035b4        0x8
 *(.ARM.exidx* .gnu.linkonce.armexidx.*)
 .ARM.exidx     0x00000000000035b4        0x8 /home/florijan/gnuarmemb/gcc-arm-none-eabi-9-2019-q4-major/bin/../lib/gcc/arm-none-eabi/9.2.1/../../../../arm-none-eabi/lib/thumb/v7e-m+fp/hard/crt0.o
                0x00000000000035bc                __exidx_end = .

.rel.dyn        0x00000000000035bc        0x0
 .rel.iplt      0x00000000000035bc        0x0 /home/florijan/gnuarmemb/gcc-arm-none-eabi-9-2019-q4-major/bin/../lib/gcc/arm-none-eabi/9.2.1/thumb/v7e-m+fp/hard/crtbegin.o
                0x00000000000035bc                . = ALIGN (0x4)
                0x00000000000035bc                __etext = .

.data           0x0000000020000000       0x7c load address 0x00000000000035bc
                0x0000000020000000                __data_start__ = .
 *(vtable)
 *(.data*)
 .data.app_uart_inst
                0x0000000020000000        0xc _build/nrf52840_xxaa/app_uart_fifo.c.o
 .data.pwm      0x000000002000000c        0x4 _build/nrf52840_xxaa/main.c.o
                0x000000002000000c                pwm
 .data.SystemCoreClock
                0x0000000020000010        0x4 _build/nrf52840_xxaa/system_nrf52840.c.o
                0x0000000020000010                SystemCoreClock
 .data.impure_data
                0x0000000020000014       0x60 /home/florijan/gnuarmemb/gcc-arm-none-eabi-9-2019-q4-major/bin/../lib/gcc/arm-none-eabi/9.2.1/../../../../arm-none-eabi/lib/thumb/v7e-m+fp/hard/libc_nano.a(lib_a-impure.o)
                0x0000000020000074                . = ALIGN (0x4)
                0x0000000020000074                PROVIDE (__preinit_array_start = .)
 *(.preinit_array)
                0x0000000020000074                PROVIDE (__preinit_array_end = .)
                0x0000000020000074                . = ALIGN (0x4)
                0x0000000020000074                PROVIDE (__init_array_start = .)
 *(SORT_BY_NAME(.init_array.*))
 *(.init_array)
 .init_array    0x0000000020000074        0x4 /home/florijan/gnuarmemb/gcc-arm-none-eabi-9-2019-q4-major/bin/../lib/gcc/arm-none-eabi/9.2.1/thumb/v7e-m+fp/hard/crtbegin.o
                0x0000000020000078                PROVIDE (__init_array_end = .)
                0x0000000020000078                . = ALIGN (0x4)
                [!provide]                        PROVIDE (__fini_array_start = .)
 *(SORT_BY_NAME(.fini_array.*))
 *(.fini_array)
 .fini_array    0x0000000020000078        0x4 /home/florijan/gnuarmemb/gcc-arm-none-eabi-9-2019-q4-major/bin/../lib/gcc/arm-none-eabi/9.2.1/thumb/v7e-m+fp/hard/crtbegin.o
                [!provide]                        PROVIDE (__fini_array_end = .)
 *(.jcr*)
                0x000000002000007c                . = ALIGN (0x4)
                0x000000002000007c                __data_end__ = .
LOAD /home/florijan/gnuarmemb/gcc-arm-none-eabi-9-2019-q4-major/bin/../lib/gcc/arm-none-eabi/9.2.1/thumb/v7e-m+fp/hard/crti.o
LOAD /home/florijan/gnuarmemb/gcc-arm-none-eabi-9-2019-q4-major/bin/../lib/gcc/arm-none-eabi/9.2.1/thumb/v7e-m+fp/hard/crtbegin.o
LOAD /home/florijan/gnuarmemb/gcc-arm-none-eabi-9-2019-q4-major/bin/../lib/gcc/arm-none-eabi/9.2.1/../../../../arm-none-eabi/lib/thumb/v7e-m+fp/hard/crt0.o
LOAD _build/nrf52840_xxaa/gcc_startup_nrf52840.S.o
LOAD _build/nrf52840_xxaa/nrf_log_frontend.c.o
LOAD _build/nrf52840_xxaa/nrf_log_str_formatter.c.o
LOAD _build/nrf52840_xxaa/boards.c.o
LOAD _build/nrf52840_xxaa/croutine.c.o
LOAD _build/nrf52840_xxaa/event_groups.c.o
LOAD _build/nrf52840_xxaa/heap_1.c.o
LOAD _build/nrf52840_xxaa/list.c.o
LOAD _build/nrf52840_xxaa/port.c.o
LOAD _build/nrf52840_xxaa/port_cmsis.c.o
LOAD _build/nrf52840_xxaa/port_cmsis_systick.c.o
LOAD _build/nrf52840_xxaa/queue.c.o
LOAD _build/nrf52840_xxaa/stream_buffer.c.o
LOAD _build/nrf52840_xxaa/tasks.c.o
LOAD _build/nrf52840_xxaa/timers.c.o
LOAD _build/nrf52840_xxaa/app_button.c.o
LOAD _build/nrf52840_xxaa/app_error.c.o
LOAD _build/nrf52840_xxaa/app_error_handler_gcc.c.o
LOAD _build/nrf52840_xxaa/app_error_weak.c.o
LOAD _build/nrf52840_xxaa/app_timer_freertos.c.o
LOAD _build/nrf52840_xxaa/app_util_platform.c.o
LOAD _build/nrf52840_xxaa/nrf_assert.c.o
LOAD _build/nrf52840_xxaa/nrf_atomic.c.o
LOAD _build/nrf52840_xxaa/nrf_balloc.c.o
LOAD _build/nrf52840_xxaa/nrf_fprintf.c.o
LOAD _build/nrf52840_xxaa/nrf_fprintf_format.c.o
LOAD _build/nrf52840_xxaa/nrf_memobj.c.o
LOAD _build/nrf52840_xxaa/nrf_ringbuf.c.o
LOAD _build/nrf52840_xxaa/nrf_strerror.c.o
LOAD _build/nrf52840_xxaa/nrf_drv_clock.c.o
LOAD _build/nrf52840_xxaa/nrf_nvic.c.o
LOAD _build/nrf52840_xxaa/nrf_soc.c.o
LOAD _build/nrf52840_xxaa/nrfx_uart.c.o
LOAD _build/nrf52840_xxaa/nrfx_uarte.c.o
LOAD _build/nrf52840_xxaa/nrfx_atomic.c.o
LOAD _build/nrf52840_xxaa/nrfx_clock.c.o
LOAD _build/nrf52840_xxaa/nrfx_gpiote.c.o
LOAD _build/nrf52840_xxaa/bsp.c.o
LOAD _build/nrf52840_xxaa/app_fifo.c.o
LOAD _build/nrf52840_xxaa/app_uart_fifo.c.o
LOAD _build/nrf52840_xxaa/nrf_drv_uart.c.o
LOAD _build/nrf52840_xxaa/main.c.o
LOAD _build/nrf52840_xxaa/system_nrf52840.c.o
LOAD /home/florijan/gnuarmemb/gcc-arm-none-eabi-9-2019-q4-major/bin/../lib/gcc/arm-none-eabi/9.2.1/../../../../arm-none-eabi/lib/thumb/v7e-m+fp/hard/libc_nano.a
LOAD /home/florijan/gnuarmemb/gcc-arm-none-eabi-9-2019-q4-major/bin/../lib/gcc/arm-none-eabi/9.2.1/../../../../arm-none-eabi/lib/thumb/v7e-m+fp/hard/libnosys.a
LOAD /home/florijan/gnuarmemb/gcc-arm-none-eabi-9-2019-q4-major/bin/../lib/gcc/arm-none-eabi/9.2.1/../../../../arm-none-eabi/lib/thumb/v7e-m+fp/hard/libm.a
START GROUP
LOAD /home/florijan/gnuarmemb/gcc-arm-none-eabi-9-2019-q4-major/bin/../lib/gcc/arm-none-eabi/9.2.1/thumb/v7e-m+fp/hard/libgcc.a
LOAD /home/florijan/gnuarmemb/gcc-arm-none-eabi-9-2019-q4-major/bin/../lib/gcc/arm-none-eabi/9.2.1/../../../../arm-none-eabi/lib/thumb/v7e-m+fp/hard/libg_nano.a
LOAD /home/florijan/gnuarmemb/gcc-arm-none-eabi-9-2019-q4-major/bin/../lib/gcc/arm-none-eabi/9.2.1/../../../../arm-none-eabi/lib/thumb/v7e-m+fp/hard/libc_nano.a
END GROUP
START GROUP
LOAD /home/florijan/gnuarmemb/gcc-arm-none-eabi-9-2019-q4-major/bin/../lib/gcc/arm-none-eabi/9.2.1/thumb/v7e-m+fp/hard/libgcc.a
LOAD /home/florijan/gnuarmemb/gcc-arm-none-eabi-9-2019-q4-major/bin/../lib/gcc/arm-none-eabi/9.2.1/../../../../arm-none-eabi/lib/thumb/v7e-m+fp/hard/libc_nano.a
END GROUP
LOAD /home/florijan/gnuarmemb/gcc-arm-none-eabi-9-2019-q4-major/bin/../lib/gcc/arm-none-eabi/9.2.1/thumb/v7e-m+fp/hard/crtend.o
LOAD /home/florijan/gnuarmemb/gcc-arm-none-eabi-9-2019-q4-major/bin/../lib/gcc/arm-none-eabi/9.2.1/thumb/v7e-m+fp/hard/crtn.o
START GROUP
LOAD /home/florijan/gnuarmemb/gcc-arm-none-eabi-9-2019-q4-major/bin/../lib/gcc/arm-none-eabi/9.2.1/thumb/v7e-m+fp/hard/libgcc.a
LOAD /home/florijan/gnuarmemb/gcc-arm-none-eabi-9-2019-q4-major/bin/../lib/gcc/arm-none-eabi/9.2.1/../../../../arm-none-eabi/lib/thumb/v7e-m+fp/hard/libc.a
LOAD /home/florijan/gnuarmemb/gcc-arm-none-eabi-9-2019-q4-major/bin/../lib/gcc/arm-none-eabi/9.2.1/../../../../arm-none-eabi/lib/thumb/v7e-m+fp/hard/libnosys.a
END GROUP

.igot.plt       0x000000002000007c        0x0 load address 0x0000000000003638
 .igot.plt      0x000000002000007c        0x0 /home/florijan/gnuarmemb/gcc-arm-none-eabi-9-2019-q4-major/bin/../lib/gcc/arm-none-eabi/9.2.1/thumb/v7e-m+fp/hard/crtbegin.o
                0x000000002000007c                . = ALIGN (0x4)

.mem_section_dummy_ram

.log_dynamic_data
                0x000000002000007c        0x0
                [!provide]                        PROVIDE (__start_log_dynamic_data = .)
 *(SORT_BY_NAME(.log_dynamic_data*))
                [!provide]                        PROVIDE (__stop_log_dynamic_data = .)

.log_filter_data
                0x000000002000007c        0x0
                [!provide]                        PROVIDE (__start_log_filter_data = .)
 *(SORT_BY_NAME(.log_filter_data*))
                [!provide]                        PROVIDE (__stop_log_filter_data = .)

.bss            0x0000000020000080     0x14b8 load address 0x0000000000003640
                0x0000000020000080                . = ALIGN (0x4)
                0x0000000020000080                __bss_start__ = .
 *(.bss*)
 .bss           0x0000000020000080       0x1c /home/florijan/gnuarmemb/gcc-arm-none-eabi-9-2019-q4-major/bin/../lib/gcc/arm-none-eabi/9.2.1/thumb/v7e-m+fp/hard/crtbegin.o
 .bss.pucAlignedHeap.8918
                0x000000002000009c        0x4 _build/nrf52840_xxaa/heap_1.c.o
 .bss.ucHeap    0x00000000200000a0     0x1000 _build/nrf52840_xxaa/heap_1.c.o
 .bss.xNextFreeByte
                0x00000000200010a0        0x4 _build/nrf52840_xxaa/heap_1.c.o
 .bss.uxCriticalNesting
                0x00000000200010a4        0x4 _build/nrf52840_xxaa/port_cmsis.c.o
 .bss.pxCurrentTCB
                0x00000000200010a8        0x4 _build/nrf52840_xxaa/tasks.c.o
                0x00000000200010a8                pxCurrentTCB
 .bss.pxDelayedTaskList
                0x00000000200010ac        0x4 _build/nrf52840_xxaa/tasks.c.o
 .bss.pxOverflowDelayedTaskList
                0x00000000200010b0        0x4 _build/nrf52840_xxaa/tasks.c.o
 .bss.pxReadyTasksLists
                0x00000000200010b4       0x3c _build/nrf52840_xxaa/tasks.c.o
 .bss.uxCurrentNumberOfTasks
                0x00000000200010f0        0x4 _build/nrf52840_xxaa/tasks.c.o
 .bss.uxDeletedTasksWaitingCleanUp
                0x00000000200010f4        0x4 _build/nrf52840_xxaa/tasks.c.o
 .bss.uxPendedTicks
                0x00000000200010f8        0x4 _build/nrf52840_xxaa/tasks.c.o
 .bss.uxSchedulerSuspended
                0x00000000200010fc        0x4 _build/nrf52840_xxaa/tasks.c.o
 .bss.uxTaskNumber
                0x0000000020001100        0x4 _build/nrf52840_xxaa/tasks.c.o
 .bss.uxTopReadyPriority
                0x0000000020001104        0x4 _build/nrf52840_xxaa/tasks.c.o
 .bss.xDelayedTaskList1
                0x0000000020001108       0x14 _build/nrf52840_xxaa/tasks.c.o
 .bss.xDelayedTaskList2
                0x000000002000111c       0x14 _build/nrf52840_xxaa/tasks.c.o
 .bss.xIdleTaskHandle
                0x0000000020001130        0x4 _build/nrf52840_xxaa/tasks.c.o
 .bss.xNextTaskUnblockTime
                0x0000000020001134        0x4 _build/nrf52840_xxaa/tasks.c.o
 .bss.xNumOfOverflows
                0x0000000020001138        0x4 _build/nrf52840_xxaa/tasks.c.o
 .bss.xPendingReadyList
                0x000000002000113c       0x14 _build/nrf52840_xxaa/tasks.c.o
 .bss.xSchedulerRunning
                0x0000000020001150        0x4 _build/nrf52840_xxaa/tasks.c.o
 .bss.xSuspendedTaskList
                0x0000000020001154       0x14 _build/nrf52840_xxaa/tasks.c.o
 .bss.xTasksWaitingTermination
                0x0000000020001168       0x14 _build/nrf52840_xxaa/tasks.c.o
 .bss.xTickCount
                0x000000002000117c        0x4 _build/nrf52840_xxaa/tasks.c.o
 .bss.xYieldPending
                0x0000000020001180        0x4 _build/nrf52840_xxaa/tasks.c.o
 .bss.pxCurrentTimerList
                0x0000000020001184        0x4 _build/nrf52840_xxaa/timers.c.o
 .bss.pxOverflowTimerList
                0x0000000020001188        0x4 _build/nrf52840_xxaa/timers.c.o
 .bss.xActiveTimerList1
                0x000000002000118c       0x14 _build/nrf52840_xxaa/timers.c.o
 .bss.xActiveTimerList2
                0x00000000200011a0       0x14 _build/nrf52840_xxaa/timers.c.o
 .bss.xLastTime.9210
                0x00000000200011b4        0x4 _build/nrf52840_xxaa/timers.c.o
 .bss.xTimerQueue
                0x00000000200011b8        0x4 _build/nrf52840_xxaa/timers.c.o
 .bss.xTimerTaskHandle
                0x00000000200011bc        0x4 _build/nrf52840_xxaa/timers.c.o
 .bss.m_in_critical_region
                0x00000000200011c0        0x4 _build/nrf52840_xxaa/app_util_platform.c.o
 .bss.m_clock_cb
                0x00000000200011c4       0x14 _build/nrf52840_xxaa/nrf_drv_clock.c.o
 .bss.m_cb      0x00000000200011d8       0x24 _build/nrf52840_xxaa/nrfx_uarte.c.o
 .bss.m_clock_cb
                0x00000000200011fc        0x8 _build/nrf52840_xxaa/nrfx_clock.c.o
 *fill*         0x0000000020001204        0x4 
 .bss.m_cb      0x0000000020001208       0x6c _build/nrf52840_xxaa/nrfx_gpiote.c.o
 .bss.m_event_handler
                0x0000000020001274        0x4 _build/nrf52840_xxaa/app_uart_fifo.c.o
 .bss.m_rx_fifo
                0x0000000020001278       0x10 _build/nrf52840_xxaa/app_uart_fifo.c.o
 .bss.m_rx_ovf  0x0000000020001288        0x1 _build/nrf52840_xxaa/app_uart_fifo.c.o
 *fill*         0x0000000020001289        0x3 
 .bss.m_tx_fifo
                0x000000002000128c       0x10 _build/nrf52840_xxaa/app_uart_fifo.c.o
 .bss.rx_buffer
                0x000000002000129c        0x1 _build/nrf52840_xxaa/app_uart_fifo.c.o
 *fill*         0x000000002000129d        0x3 
 .bss.tx_buffer
                0x00000000200012a0        0x1 _build/nrf52840_xxaa/app_uart_fifo.c.o
 *fill*         0x00000000200012a1        0x3 
 .bss.m_contexts
                0x00000000200012a4        0x8 _build/nrf52840_xxaa/nrf_drv_uart.c.o
 .bss.m_handlers
                0x00000000200012ac        0x8 _build/nrf52840_xxaa/nrf_drv_uart.c.o
 .bss.rx_buf.9899
                0x00000000200012b4      0x100 _build/nrf52840_xxaa/main.c.o
 .bss.tx_buf.9900
                0x00000000200013b4      0x100 _build/nrf52840_xxaa/main.c.o
 *(COMMON)
 COMMON         0x00000000200014b4       0x10 _build/nrf52840_xxaa/queue.c.o
                0x00000000200014b4                xQueueRegistry
 COMMON         0x00000000200014c4       0x74 _build/nrf52840_xxaa/main.c.o
                0x00000000200014c4                rx_buff
                0x0000000020001528                led2_toggle_task_handle
                0x000000002000152c                i
                0x0000000020001530                led1_toggle_timer_handle
                0x0000000020001534                pwm_task_handle
                0x0000000020001538                . = ALIGN (0x4)
                0x0000000020001538                __bss_end__ = .

.heap           0x0000000020001538     0x2000
                0x0000000020001538                __HeapBase = .
                0x0000000020001538                __end__ = .
                [!provide]                        PROVIDE (end = .)
 *(.heap*)
 .heap          0x0000000020001538     0x2000 _build/nrf52840_xxaa/gcc_startup_nrf52840.S.o
                0x0000000020003538                __HeapLimit = .

.stack_dummy    0x0000000020001538     0x2000
 *(.stack*)
 .stack         0x0000000020001538     0x2000 _build/nrf52840_xxaa/gcc_startup_nrf52840.S.o
                0x0000000020040000                __StackTop = (ORIGIN (RAM) + LENGTH (RAM))
                0x000000002003e000                __StackLimit = (__StackTop - SIZEOF (.stack_dummy))
                0x0000000020040000                PROVIDE (__stack = __StackTop)
                0x0000000000000001                ASSERT ((__StackLimit >= __HeapLimit), region RAM overflowed with stack)
                0x0000000000000080                DataInitFlashUsed = (__bss_start__ - __data_start__)
                0x00000000000035bc                CodeFlashUsed = (__etext - ORIGIN (FLASH))
                0x000000000000363c                TotalFlashUsed = (CodeFlashUsed + DataInitFlashUsed)
                0x0000000000000001                ASSERT ((TotalFlashUsed <= LENGTH (FLASH)), region FLASH overflowed with .data and user data)
OUTPUT(_build/nrf52840_xxaa.out elf32-littlearm)

.ARM.attributes
                0x0000000000000000       0x30
 .ARM.attributes
                0x0000000000000000       0x1e /home/florijan/gnuarmemb/gcc-arm-none-eabi-9-2019-q4-major/bin/../lib/gcc/arm-none-eabi/9.2.1/thumb/v7e-m+fp/hard/crti.o
 .ARM.attributes
                0x000000000000001e       0x34 /home/florijan/gnuarmemb/gcc-arm-none-eabi-9-2019-q4-major/bin/../lib/gcc/arm-none-eabi/9.2.1/thumb/v7e-m+fp/hard/crtbegin.o
 .ARM.attributes
                0x0000000000000052       0x1c /home/florijan/gnuarmemb/gcc-arm-none-eabi-9-2019-q4-major/bin/../lib/gcc/arm-none-eabi/9.2.1/../../../../arm-none-eabi/lib/thumb/v7e-m+fp/hard/crt0.o
 .ARM.attributes
                0x000000000000006e       0x20 _build/nrf52840_xxaa/gcc_startup_nrf52840.S.o
 .ARM.attributes
                0x000000000000008e       0x34 _build/nrf52840_xxaa/boards.c.o
 .ARM.attributes
                0x00000000000000c2       0x34 _build/nrf52840_xxaa/heap_1.c.o
 .ARM.attributes
                0x00000000000000f6       0x34 _build/nrf52840_xxaa/list.c.o
 .ARM.attributes
                0x000000000000012a       0x34 _build/nrf52840_xxaa/port.c.o
 .ARM.attributes
                0x000000000000015e       0x34 _build/nrf52840_xxaa/port_cmsis.c.o
 .ARM.attributes
                0x0000000000000192       0x34 _build/nrf52840_xxaa/port_cmsis_systick.c.o
 .ARM.attributes
                0x00000000000001c6       0x34 _build/nrf52840_xxaa/queue.c.o
 .ARM.attributes
                0x00000000000001fa       0x34 _build/nrf52840_xxaa/tasks.c.o
 .ARM.attributes
                0x000000000000022e       0x34 _build/nrf52840_xxaa/timers.c.o
 .ARM.attributes
                0x0000000000000262       0x34 _build/nrf52840_xxaa/app_error.c.o
 .ARM.attributes
                0x0000000000000296       0x34 _build/nrf52840_xxaa/app_error_weak.c.o
 .ARM.attributes
                0x00000000000002ca       0x34 _build/nrf52840_xxaa/app_util_platform.c.o
 .ARM.attributes
                0x00000000000002fe       0x34 _build/nrf52840_xxaa/nrf_drv_clock.c.o
 .ARM.attributes
                0x0000000000000332       0x34 _build/nrf52840_xxaa/nrfx_uarte.c.o
 .ARM.attributes
                0x0000000000000366       0x34 _build/nrf52840_xxaa/nrfx_clock.c.o
 .ARM.attributes
                0x000000000000039a       0x34 _build/nrf52840_xxaa/nrfx_gpiote.c.o
 .ARM.attributes
                0x00000000000003ce       0x34 _build/nrf52840_xxaa/app_fifo.c.o
 .ARM.attributes
                0x0000000000000402       0x34 _build/nrf52840_xxaa/app_uart_fifo.c.o
 .ARM.attributes
                0x0000000000000436       0x34 _build/nrf52840_xxaa/nrf_drv_uart.c.o
 .ARM.attributes
                0x000000000000046a       0x34 _build/nrf52840_xxaa/main.c.o
 .ARM.attributes
                0x000000000000049e       0x34 _build/nrf52840_xxaa/system_nrf52840.c.o
 .ARM.attributes
                0x00000000000004d2       0x34 /home/florijan/gnuarmemb/gcc-arm-none-eabi-9-2019-q4-major/bin/../lib/gcc/arm-none-eabi/9.2.1/../../../../arm-none-eabi/lib/thumb/v7e-m+fp/hard/libc_nano.a(lib_a-exit.o)
 .ARM.attributes
                0x0000000000000506       0x32 /home/florijan/gnuarmemb/gcc-arm-none-eabi-9-2019-q4-major/bin/../lib/gcc/arm-none-eabi/9.2.1/../../../../arm-none-eabi/lib/thumb/v7e-m+fp/hard/libc_nano.a(lib_a-impure.o)
 .ARM.attributes
                0x0000000000000538       0x34 /home/florijan/gnuarmemb/gcc-arm-none-eabi-9-2019-q4-major/bin/../lib/gcc/arm-none-eabi/9.2.1/../../../../arm-none-eabi/lib/thumb/v7e-m+fp/hard/libc_nano.a(lib_a-init.o)
 .ARM.attributes
                0x000000000000056c       0x34 /home/florijan/gnuarmemb/gcc-arm-none-eabi-9-2019-q4-major/bin/../lib/gcc/arm-none-eabi/9.2.1/../../../../arm-none-eabi/lib/thumb/v7e-m+fp/hard/libc_nano.a(lib_a-memcpy-stub.o)
 .ARM.attributes
                0x00000000000005a0       0x34 /home/florijan/gnuarmemb/gcc-arm-none-eabi-9-2019-q4-major/bin/../lib/gcc/arm-none-eabi/9.2.1/../../../../arm-none-eabi/lib/thumb/v7e-m+fp/hard/libc_nano.a(lib_a-memset.o)
 .ARM.attributes
                0x00000000000005d4       0x17 /home/florijan/gnuarmemb/gcc-arm-none-eabi-9-2019-q4-major/bin/../lib/gcc/arm-none-eabi/9.2.1/../../../../arm-none-eabi/lib/thumb/v7e-m+fp/hard/libc_nano.a(lib_a-strlen.o)
 .ARM.attributes
                0x00000000000005eb       0x34 /home/florijan/gnuarmemb/gcc-arm-none-eabi-9-2019-q4-major/bin/../lib/gcc/arm-none-eabi/9.2.1/../../../../arm-none-eabi/lib/thumb/v7e-m+fp/hard/libc_nano.a(lib_a-strstr.o)
 .ARM.attributes
                0x000000000000061f       0x34 /home/florijan/gnuarmemb/gcc-arm-none-eabi-9-2019-q4-major/bin/../lib/gcc/arm-none-eabi/9.2.1/../../../../arm-none-eabi/lib/thumb/v7e-m+fp/hard/libnosys.a(_exit.o)
 .ARM.attributes
                0x0000000000000653       0x32 /home/florijan/gnuarmemb/gcc-arm-none-eabi-9-2019-q4-major/bin/../lib/gcc/arm-none-eabi/9.2.1/thumb/v7e-m+fp/hard/crtend.o
 .ARM.attributes
                0x0000000000000685       0x1e /home/florijan/gnuarmemb/gcc-arm-none-eabi-9-2019-q4-major/bin/../lib/gcc/arm-none-eabi/9.2.1/thumb/v7e-m+fp/hard/crtn.o

.comment        0x0000000000000000       0x79
 .comment       0x0000000000000000       0x79 _build/nrf52840_xxaa/boards.c.o
                                         0x7a (size before relaxing)
 .comment       0x0000000000000079       0x7a _build/nrf52840_xxaa/heap_1.c.o
 .comment       0x0000000000000079       0x7a _build/nrf52840_xxaa/list.c.o
 .comment       0x0000000000000079       0x7a _build/nrf52840_xxaa/port.c.o
 .comment       0x0000000000000079       0x7a _build/nrf52840_xxaa/port_cmsis.c.o
 .comment       0x0000000000000079       0x7a _build/nrf52840_xxaa/port_cmsis_systick.c.o
 .comment       0x0000000000000079       0x7a _build/nrf52840_xxaa/queue.c.o
 .comment       0x0000000000000079       0x7a _build/nrf52840_xxaa/tasks.c.o
 .comment       0x0000000000000079       0x7a _build/nrf52840_xxaa/timers.c.o
 .comment       0x0000000000000079       0x7a _build/nrf52840_xxaa/app_error.c.o
 .comment       0x0000000000000079       0x7a _build/nrf52840_xxaa/app_error_weak.c.o
 .comment       0x0000000000000079       0x7a _build/nrf52840_xxaa/app_util_platform.c.o
 .comment       0x0000000000000079       0x7a _build/nrf52840_xxaa/nrf_drv_clock.c.o
 .comment       0x0000000000000079       0x7a _build/nrf52840_xxaa/nrfx_uarte.c.o
 .comment       0x0000000000000079       0x7a _build/nrf52840_xxaa/nrfx_clock.c.o
 .comment       0x0000000000000079       0x7a _build/nrf52840_xxaa/nrfx_gpiote.c.o
 .comment       0x0000000000000079       0x7a _build/nrf52840_xxaa/app_fifo.c.o
 .comment       0x0000000000000079       0x7a _build/nrf52840_xxaa/app_uart_fifo.c.o
 .comment       0x0000000000000079       0x7a _build/nrf52840_xxaa/nrf_drv_uart.c.o
 .comment       0x0000000000000079       0x7a _build/nrf52840_xxaa/main.c.o
 .comment       0x0000000000000079       0x7a _build/nrf52840_xxaa/system_nrf52840.c.o

.debug_line     0x0000000000000000    0x15b9d
 .debug_line    0x0000000000000000       0x89 _build/nrf52840_xxaa/gcc_startup_nrf52840.S.o
 .debug_line    0x0000000000000089     0x1069 _build/nrf52840_xxaa/boards.c.o
 .debug_line    0x00000000000010f2      0x780 _build/nrf52840_xxaa/heap_1.c.o
 .debug_line    0x0000000000001872      0x815 _build/nrf52840_xxaa/list.c.o
 .debug_line    0x0000000000002087      0x685 _build/nrf52840_xxaa/port.c.o
 .debug_line    0x000000000000270c      0x81a _build/nrf52840_xxaa/port_cmsis.c.o
 .debug_line    0x0000000000002f26      0xe75 _build/nrf52840_xxaa/port_cmsis_systick.c.o
 .debug_line    0x0000000000003d9b     0x28cc _build/nrf52840_xxaa/queue.c.o
 .debug_line    0x0000000000006667     0x2e9e _build/nrf52840_xxaa/tasks.c.o
 .debug_line    0x0000000000009505      0xfc6 _build/nrf52840_xxaa/timers.c.o
 .debug_line    0x000000000000a4cb      0x5d0 _build/nrf52840_xxaa/app_error.c.o
 .debug_line    0x000000000000aa9b      0x7ad _build/nrf52840_xxaa/app_error_weak.c.o
 .debug_line    0x000000000000b248      0x69c _build/nrf52840_xxaa/app_util_platform.c.o
 .debug_line    0x000000000000b8e4      0xdd1 _build/nrf52840_xxaa/nrf_drv_clock.c.o
 .debug_line    0x000000000000c6b5     0x1ec6 _build/nrf52840_xxaa/nrfx_uarte.c.o
 .debug_line    0x000000000000e57b     0x1086 _build/nrf52840_xxaa/nrfx_clock.c.o
 .debug_line    0x000000000000f601     0x313a _build/nrf52840_xxaa/nrfx_gpiote.c.o
 .debug_line    0x000000000001273b      0x94b _build/nrf52840_xxaa/app_fifo.c.o
 .debug_line    0x0000000000013086      0xd22 _build/nrf52840_xxaa/app_uart_fifo.c.o
 .debug_line    0x0000000000013da8      0x7f1 _build/nrf52840_xxaa/nrf_drv_uart.c.o
 .debug_line    0x0000000000014599      0xcac _build/nrf52840_xxaa/main.c.o
 .debug_line    0x0000000000015245      0x958 _build/nrf52840_xxaa/system_nrf52840.c.o

.debug_info     0x0000000000000000    0x253ac
 .debug_info    0x0000000000000000       0x26 _build/nrf52840_xxaa/gcc_startup_nrf52840.S.o
 .debug_info    0x0000000000000026     0x1811 _build/nrf52840_xxaa/boards.c.o
 .debug_info    0x0000000000001837      0xac5 _build/nrf52840_xxaa/heap_1.c.o
 .debug_info    0x00000000000022fc      0xbd6 _build/nrf52840_xxaa/list.c.o
 .debug_info    0x0000000000002ed2      0x9c6 _build/nrf52840_xxaa/port.c.o
 .debug_info    0x0000000000003898     0x11f5 _build/nrf52840_xxaa/port_cmsis.c.o
 .debug_info    0x0000000000004a8d     0x19b9 _build/nrf52840_xxaa/port_cmsis_systick.c.o
 .debug_info    0x0000000000006446     0x383b _build/nrf52840_xxaa/queue.c.o
 .debug_info    0x0000000000009c81     0x3cff _build/nrf52840_xxaa/tasks.c.o
 .debug_info    0x000000000000d980     0x20be _build/nrf52840_xxaa/timers.c.o
 .debug_info    0x000000000000fa3e      0xb94 _build/nrf52840_xxaa/app_error.c.o
 .debug_info    0x00000000000105d2      0xf2e _build/nrf52840_xxaa/app_error_weak.c.o
 .debug_info    0x0000000000011500     0x10e5 _build/nrf52840_xxaa/app_util_platform.c.o
 .debug_info    0x00000000000125e5     0x18d9 _build/nrf52840_xxaa/nrf_drv_clock.c.o
 .debug_info    0x0000000000013ebe     0x41a8 _build/nrf52840_xxaa/nrfx_uarte.c.o
 .debug_info    0x0000000000018066     0x1e29 _build/nrf52840_xxaa/nrfx_clock.c.o
 .debug_info    0x0000000000019e8f     0x466e _build/nrf52840_xxaa/nrfx_gpiote.c.o
 .debug_info    0x000000000001e4fd      0xfcd _build/nrf52840_xxaa/app_fifo.c.o
 .debug_info    0x000000000001f4ca     0x1d28 _build/nrf52840_xxaa/app_uart_fifo.c.o
 .debug_info    0x00000000000211f2     0x1460 _build/nrf52840_xxaa/nrf_drv_uart.c.o
 .debug_info    0x0000000000022652     0x1471 _build/nrf52840_xxaa/main.c.o
 .debug_info    0x0000000000023ac3     0x18e9 _build/nrf52840_xxaa/system_nrf52840.c.o

.debug_abbrev   0x0000000000000000     0x50f0
 .debug_abbrev  0x0000000000000000       0x14 _build/nrf52840_xxaa/gcc_startup_nrf52840.S.o
 .debug_abbrev  0x0000000000000014      0x44c _build/nrf52840_xxaa/boards.c.o
 .debug_abbrev  0x0000000000000460      0x2a0 _build/nrf52840_xxaa/heap_1.c.o
 .debug_abbrev  0x0000000000000700      0x24c _build/nrf52840_xxaa/list.c.o
 .debug_abbrev  0x000000000000094c      0x1d9 _build/nrf52840_xxaa/port.c.o
 .debug_abbrev  0x0000000000000b25      0x3bd _build/nrf52840_xxaa/port_cmsis.c.o
 .debug_abbrev  0x0000000000000ee2      0x448 _build/nrf52840_xxaa/port_cmsis_systick.c.o
 .debug_abbrev  0x000000000000132a      0x502 _build/nrf52840_xxaa/queue.c.o
 .debug_abbrev  0x000000000000182c      0x5a4 _build/nrf52840_xxaa/tasks.c.o
 .debug_abbrev  0x0000000000001dd0      0x487 _build/nrf52840_xxaa/timers.c.o
 .debug_abbrev  0x0000000000002257      0x276 _build/nrf52840_xxaa/app_error.c.o
 .debug_abbrev  0x00000000000024cd      0x2c6 _build/nrf52840_xxaa/app_error_weak.c.o
 .debug_abbrev  0x0000000000002793      0x37a _build/nrf52840_xxaa/app_util_platform.c.o
 .debug_abbrev  0x0000000000002b0d      0x51f _build/nrf52840_xxaa/nrf_drv_clock.c.o
 .debug_abbrev  0x000000000000302c      0x539 _build/nrf52840_xxaa/nrfx_uarte.c.o
 .debug_abbrev  0x0000000000003565      0x551 _build/nrf52840_xxaa/nrfx_clock.c.o
 .debug_abbrev  0x0000000000003ab6      0x5a6 _build/nrf52840_xxaa/nrfx_gpiote.c.o
 .debug_abbrev  0x000000000000405c      0x2d1 _build/nrf52840_xxaa/app_fifo.c.o
 .debug_abbrev  0x000000000000432d      0x413 _build/nrf52840_xxaa/app_uart_fifo.c.o
 .debug_abbrev  0x0000000000004740      0x2cc _build/nrf52840_xxaa/nrf_drv_uart.c.o
 .debug_abbrev  0x0000000000004a0c      0x3b0 _build/nrf52840_xxaa/main.c.o
 .debug_abbrev  0x0000000000004dbc      0x334 _build/nrf52840_xxaa/system_nrf52840.c.o

.debug_aranges  0x0000000000000000      0x8d0
 .debug_aranges
                0x0000000000000000       0x20 _build/nrf52840_xxaa/gcc_startup_nrf52840.S.o
 .debug_aranges
                0x0000000000000020       0x78 _build/nrf52840_xxaa/boards.c.o
 .debug_aranges
                0x0000000000000098       0x38 _build/nrf52840_xxaa/heap_1.c.o
 .debug_aranges
                0x00000000000000d0       0x40 _build/nrf52840_xxaa/list.c.o
 .debug_aranges
                0x0000000000000110       0x30 _build/nrf52840_xxaa/port.c.o
 .debug_aranges
                0x0000000000000140       0x48 _build/nrf52840_xxaa/port_cmsis.c.o
 .debug_aranges
                0x0000000000000188       0x30 _build/nrf52840_xxaa/port_cmsis_systick.c.o
 .debug_aranges
                0x00000000000001b8       0xd8 _build/nrf52840_xxaa/queue.c.o
 .debug_aranges
                0x0000000000000290      0x198 _build/nrf52840_xxaa/tasks.c.o
 .debug_aranges
                0x0000000000000428       0x88 _build/nrf52840_xxaa/timers.c.o
 .debug_aranges
                0x00000000000004b0       0x28 _build/nrf52840_xxaa/app_error.c.o
 .debug_aranges
                0x00000000000004d8       0x20 _build/nrf52840_xxaa/app_error_weak.c.o
 .debug_aranges
                0x00000000000004f8       0x48 _build/nrf52840_xxaa/app_util_platform.c.o
 .debug_aranges
                0x0000000000000540       0x80 _build/nrf52840_xxaa/nrf_drv_clock.c.o
 .debug_aranges
                0x00000000000005c0       0x68 _build/nrf52840_xxaa/nrfx_uarte.c.o
 .debug_aranges
                0x0000000000000628       0x78 _build/nrf52840_xxaa/nrfx_clock.c.o
 .debug_aranges
                0x00000000000006a0       0xf8 _build/nrf52840_xxaa/nrfx_gpiote.c.o
 .debug_aranges
                0x0000000000000798       0x50 _build/nrf52840_xxaa/app_fifo.c.o
 .debug_aranges
                0x00000000000007e8       0x48 _build/nrf52840_xxaa/app_uart_fifo.c.o
 .debug_aranges
                0x0000000000000830       0x28 _build/nrf52840_xxaa/nrf_drv_uart.c.o
 .debug_aranges
                0x0000000000000858       0x40 _build/nrf52840_xxaa/main.c.o
 .debug_aranges
                0x0000000000000898       0x38 _build/nrf52840_xxaa/system_nrf52840.c.o

.debug_str      0x0000000000000000    0x9fee3
 .debug_str     0x0000000000000000       0x99 _build/nrf52840_xxaa/gcc_startup_nrf52840.S.o
 .debug_str     0x0000000000000099    0x8786a _build/nrf52840_xxaa/boards.c.o
                                      0x88d6e (size before relaxing)
 .debug_str     0x0000000000087903     0x3db9 _build/nrf52840_xxaa/heap_1.c.o
                                      0x85bfa (size before relaxing)
 .debug_str     0x000000000008b6bc      0x154 _build/nrf52840_xxaa/list.c.o
                                      0x85636 (size before relaxing)
 .debug_str     0x000000000008b810       0x52 _build/nrf52840_xxaa/port.c.o
                                      0x85a4a (size before relaxing)
 .debug_str     0x000000000008b862      0x54d _build/nrf52840_xxaa/port_cmsis.c.o
                                      0x86092 (size before relaxing)
 .debug_str     0x000000000008bdaf      0x709 _build/nrf52840_xxaa/port_cmsis_systick.c.o
                                      0x8bc0d (size before relaxing)
 .debug_str     0x000000000008c4b8     0x101a _build/nrf52840_xxaa/queue.c.o
                                      0x86d34 (size before relaxing)
 .debug_str     0x000000000008d4d2     0x197f _build/nrf52840_xxaa/tasks.c.o
                                      0x879db (size before relaxing)
 .debug_str     0x000000000008ee51      0x4e9 _build/nrf52840_xxaa/timers.c.o
                                      0x871c7 (size before relaxing)
 .debug_str     0x000000000008f33a       0xfb _build/nrf52840_xxaa/app_error.c.o
                                      0x7a2cc (size before relaxing)
 .debug_str     0x000000000008f435     0x321e _build/nrf52840_xxaa/app_error_weak.c.o
                                      0x875fa (size before relaxing)
 .debug_str     0x0000000000092653      0x1f0 _build/nrf52840_xxaa/app_util_platform.c.o
                                      0x7ab29 (size before relaxing)
 .debug_str     0x0000000000092843      0x98d _build/nrf52840_xxaa/nrf_drv_clock.c.o
                                      0x8ad2a (size before relaxing)
 .debug_str     0x00000000000931d0     0x14b4 _build/nrf52840_xxaa/nrfx_uarte.c.o
                                      0x8c0ee (size before relaxing)
 .debug_str     0x0000000000094684      0x4a1 _build/nrf52840_xxaa/nrfx_clock.c.o
                                      0x8b366 (size before relaxing)
 .debug_str     0x0000000000094b25     0x1901 _build/nrf52840_xxaa/nrfx_gpiote.c.o
                                      0x8c72e (size before relaxing)
 .debug_str     0x0000000000096426      0x16d _build/nrf52840_xxaa/app_fifo.c.o
                                      0x83c40 (size before relaxing)
 .debug_str     0x0000000000096593     0x1041 _build/nrf52840_xxaa/app_uart_fifo.c.o
                                      0x89513 (size before relaxing)
 .debug_str     0x00000000000975d4       0xaf _build/nrf52840_xxaa/nrf_drv_uart.c.o
                                      0x8894d (size before relaxing)
 .debug_str     0x0000000000097683      0x4ed _build/nrf52840_xxaa/main.c.o
                                      0x8d944 (size before relaxing)
 .debug_str     0x0000000000097b70     0x8373 _build/nrf52840_xxaa/system_nrf52840.c.o
                                      0x7eb4c (size before relaxing)

.debug_loc      0x0000000000000000     0xecc7
 .debug_loc     0x0000000000000000      0xe10 _build/nrf52840_xxaa/boards.c.o
 .debug_loc     0x0000000000000e10       0xc0 _build/nrf52840_xxaa/heap_1.c.o
 .debug_loc     0x0000000000000ed0       0xa0 _build/nrf52840_xxaa/list.c.o
 .debug_loc     0x0000000000000f70      0x105 _build/nrf52840_xxaa/port_cmsis.c.o
 .debug_loc     0x0000000000001075      0x78e _build/nrf52840_xxaa/port_cmsis_systick.c.o
 .debug_loc     0x0000000000001803     0x231e _build/nrf52840_xxaa/queue.c.o
 .debug_loc     0x0000000000003b21     0x2a88 _build/nrf52840_xxaa/tasks.c.o
 .debug_loc     0x00000000000065a9     0x1091 _build/nrf52840_xxaa/timers.c.o
 .debug_loc     0x000000000000763a       0xc8 _build/nrf52840_xxaa/app_error.c.o
 .debug_loc     0x0000000000007702       0x4a _build/nrf52840_xxaa/app_error_weak.c.o
 .debug_loc     0x000000000000774c      0x11a _build/nrf52840_xxaa/app_util_platform.c.o
 .debug_loc     0x0000000000007866      0x360 _build/nrf52840_xxaa/nrf_drv_clock.c.o
 .debug_loc     0x0000000000007bc6     0x203f _build/nrf52840_xxaa/nrfx_uarte.c.o
 .debug_loc     0x0000000000009c05      0x3ba _build/nrf52840_xxaa/nrfx_clock.c.o
 .debug_loc     0x0000000000009fbf     0x3935 _build/nrf52840_xxaa/nrfx_gpiote.c.o
 .debug_loc     0x000000000000d8f4      0x783 _build/nrf52840_xxaa/app_fifo.c.o
 .debug_loc     0x000000000000e077      0x6b4 _build/nrf52840_xxaa/app_uart_fifo.c.o
 .debug_loc     0x000000000000e72b      0x15b _build/nrf52840_xxaa/nrf_drv_uart.c.o
 .debug_loc     0x000000000000e886      0x1c9 _build/nrf52840_xxaa/main.c.o
 .debug_loc     0x000000000000ea4f      0x278 _build/nrf52840_xxaa/system_nrf52840.c.o

.debug_ranges   0x0000000000000000     0x3f60
 .debug_ranges  0x0000000000000000      0x8a8 _build/nrf52840_xxaa/boards.c.o
 .debug_ranges  0x00000000000008a8       0x28 _build/nrf52840_xxaa/heap_1.c.o
 .debug_ranges  0x00000000000008d0       0x30 _build/nrf52840_xxaa/list.c.o
 .debug_ranges  0x0000000000000900       0x20 _build/nrf52840_xxaa/port.c.o
 .debug_ranges  0x0000000000000920       0x68 _build/nrf52840_xxaa/port_cmsis.c.o
 .debug_ranges  0x0000000000000988      0x2c0 _build/nrf52840_xxaa/port_cmsis_systick.c.o
 .debug_ranges  0x0000000000000c48      0x548 _build/nrf52840_xxaa/queue.c.o
 .debug_ranges  0x0000000000001190      0x7e0 _build/nrf52840_xxaa/tasks.c.o
 .debug_ranges  0x0000000000001970      0x248 _build/nrf52840_xxaa/timers.c.o
 .debug_ranges  0x0000000000001bb8       0x18 _build/nrf52840_xxaa/app_error.c.o
 .debug_ranges  0x0000000000001bd0       0x10 _build/nrf52840_xxaa/app_error_weak.c.o
 .debug_ranges  0x0000000000001be0       0x38 _build/nrf52840_xxaa/app_util_platform.c.o
 .debug_ranges  0x0000000000001c18      0x178 _build/nrf52840_xxaa/nrf_drv_clock.c.o
 .debug_ranges  0x0000000000001d90      0x690 _build/nrf52840_xxaa/nrfx_uarte.c.o
 .debug_ranges  0x0000000000002420      0x3a0 _build/nrf52840_xxaa/nrfx_clock.c.o
 .debug_ranges  0x00000000000027c0     0x1338 _build/nrf52840_xxaa/nrfx_gpiote.c.o
 .debug_ranges  0x0000000000003af8      0x160 _build/nrf52840_xxaa/app_fifo.c.o
 .debug_ranges  0x0000000000003c58       0xb8 _build/nrf52840_xxaa/app_uart_fifo.c.o
 .debug_ranges  0x0000000000003d10       0x18 _build/nrf52840_xxaa/nrf_drv_uart.c.o
 .debug_ranges  0x0000000000003d28       0xe0 _build/nrf52840_xxaa/main.c.o
 .debug_ranges  0x0000000000003e08      0x158 _build/nrf52840_xxaa/system_nrf52840.c.o

.debug_macro    0x0000000000000000     0x7880
 .debug_macro   0x0000000000000000      0x349 _build/nrf52840_xxaa/boards.c.o
 .debug_macro   0x0000000000000349      0x101 _build/nrf52840_xxaa/boards.c.o
 .debug_macro   0x000000000000044a       0x40 _build/nrf52840_xxaa/boards.c.o
 .debug_macro   0x000000000000048a      0x462 _build/nrf52840_xxaa/boards.c.o
 .debug_macro   0x00000000000008ec       0x59 _build/nrf52840_xxaa/boards.c.o
 .debug_macro   0x0000000000000945      0x1fb _build/nrf52840_xxaa/boards.c.o
 .debug_macro   0x0000000000000b40      0x154 _build/nrf52840_xxaa/boards.c.o
 .debug_macro   0x0000000000000c94       0x3f _build/nrf52840_xxaa/boards.c.o
 .debug_macro   0x0000000000000cd3       0x16 _build/nrf52840_xxaa/boards.c.o
 .debug_macro   0x0000000000000ce9      0x356 _build/nrf52840_xxaa/boards.c.o
 .debug_macro   0x000000000000103f       0x10 _build/nrf52840_xxaa/boards.c.o
 .debug_macro   0x000000000000104f       0x10 _build/nrf52840_xxaa/boards.c.o
 .debug_macro   0x000000000000105f       0xb6 _build/nrf52840_xxaa/boards.c.o
 .debug_macro   0x0000000000001115       0x16 _build/nrf52840_xxaa/boards.c.o
 .debug_macro   0x000000000000112b      0x129 _build/nrf52840_xxaa/boards.c.o
 .debug_macro   0x0000000000001254       0x49 _build/nrf52840_xxaa/boards.c.o
 .debug_macro   0x000000000000129d       0x8c _build/nrf52840_xxaa/boards.c.o
 .debug_macro   0x0000000000001329       0x19 _build/nrf52840_xxaa/boards.c.o
 .debug_macro   0x0000000000001342       0x1d _build/nrf52840_xxaa/boards.c.o
 .debug_macro   0x000000000000135f       0x35 _build/nrf52840_xxaa/boards.c.o
 .debug_macro   0x0000000000001394       0x7b _build/nrf52840_xxaa/boards.c.o
 .debug_macro   0x000000000000140f       0x64 _build/nrf52840_xxaa/boards.c.o
 .debug_macro   0x0000000000001473       0x20 _build/nrf52840_xxaa/boards.c.o
 .debug_macro   0x0000000000001493       0x1c _build/nrf52840_xxaa/boards.c.o
 .debug_macro   0x00000000000014af      0x208 _build/nrf52840_xxaa/boards.c.o
 .debug_macro   0x00000000000016b7      0x16d _build/nrf52840_xxaa/boards.c.o
 .debug_macro   0x0000000000001824      0x310 _build/nrf52840_xxaa/heap_1.c.o
 .debug_macro   0x0000000000001b34      0x2ef _build/nrf52840_xxaa/list.c.o
 .debug_macro   0x0000000000001e23      0x2df _build/nrf52840_xxaa/port.c.o
 .debug_macro   0x0000000000002102      0x309 _build/nrf52840_xxaa/port_cmsis.c.o
 .debug_macro   0x000000000000240b      0x3d4 _build/nrf52840_xxaa/port_cmsis_systick.c.o
 .debug_macro   0x00000000000027df       0x45 _build/nrf52840_xxaa/port_cmsis_systick.c.o
 .debug_macro   0x0000000000002824       0x28 _build/nrf52840_xxaa/port_cmsis_systick.c.o
 .debug_macro   0x000000000000284c       0x16 _build/nrf52840_xxaa/port_cmsis_systick.c.o
 .debug_macro   0x0000000000002862       0x10 _build/nrf52840_xxaa/port_cmsis_systick.c.o
 .debug_macro   0x0000000000002872      0x361 _build/nrf52840_xxaa/queue.c.o
 .debug_macro   0x0000000000002bd3       0x16 _build/nrf52840_xxaa/queue.c.o
 .debug_macro   0x0000000000002be9       0x86 _build/nrf52840_xxaa/queue.c.o
 .debug_macro   0x0000000000002c6f      0x3c9 _build/nrf52840_xxaa/tasks.c.o
 .debug_macro   0x0000000000003038       0x10 _build/nrf52840_xxaa/tasks.c.o
 .debug_macro   0x0000000000003048      0x332 _build/nrf52840_xxaa/timers.c.o
 .debug_macro   0x000000000000337a      0x228 _build/nrf52840_xxaa/app_error.c.o
 .debug_macro   0x00000000000035a2       0x97 _build/nrf52840_xxaa/app_error.c.o
 .debug_macro   0x0000000000003639       0xf6 _build/nrf52840_xxaa/app_error.c.o
 .debug_macro   0x000000000000372f      0x31d _build/nrf52840_xxaa/app_error_weak.c.o
 .debug_macro   0x0000000000003a4c       0xfb _build/nrf52840_xxaa/app_error_weak.c.o
 .debug_macro   0x0000000000003b47       0x31 _build/nrf52840_xxaa/app_error_weak.c.o
 .debug_macro   0x0000000000003b78       0x16 _build/nrf52840_xxaa/app_error_weak.c.o
 .debug_macro   0x0000000000003b8e      0x17f _build/nrf52840_xxaa/app_error_weak.c.o
 .debug_macro   0x0000000000003d0d       0x28 _build/nrf52840_xxaa/app_error_weak.c.o
 .debug_macro   0x0000000000003d35       0x23 _build/nrf52840_xxaa/app_error_weak.c.o
 .debug_macro   0x0000000000003d58       0x1c _build/nrf52840_xxaa/app_error_weak.c.o
 .debug_macro   0x0000000000003d74       0x92 _build/nrf52840_xxaa/app_error_weak.c.o
 .debug_macro   0x0000000000003e06      0x244 _build/nrf52840_xxaa/app_util_platform.c.o
 .debug_macro   0x000000000000404a      0x413 _build/nrf52840_xxaa/nrf_drv_clock.c.o
 .debug_macro   0x000000000000445d       0x16 _build/nrf52840_xxaa/nrf_drv_clock.c.o
 .debug_macro   0x0000000000004473      0x40e _build/nrf52840_xxaa/nrfx_uarte.c.o
 .debug_macro   0x0000000000004881       0x10 _build/nrf52840_xxaa/nrfx_uarte.c.o
 .debug_macro   0x0000000000004891       0x10 _build/nrf52840_xxaa/nrfx_uarte.c.o
 .debug_macro   0x00000000000048a1       0x28 _build/nrf52840_xxaa/nrfx_uarte.c.o
 .debug_macro   0x00000000000048c9       0x22 _build/nrf52840_xxaa/nrfx_uarte.c.o
 .debug_macro   0x00000000000048eb       0x1c _build/nrf52840_xxaa/nrfx_uarte.c.o
 .debug_macro   0x0000000000004907       0x42 _build/nrf52840_xxaa/nrfx_uarte.c.o
 .debug_macro   0x0000000000004949      0x3e8 _build/nrf52840_xxaa/nrfx_clock.c.o
 .debug_macro   0x0000000000004d31      0x426 _build/nrf52840_xxaa/nrfx_gpiote.c.o
 .debug_macro   0x0000000000005157       0x16 _build/nrf52840_xxaa/nrfx_gpiote.c.o
 .debug_macro   0x000000000000516d      0x24e _build/nrf52840_xxaa/app_fifo.c.o
 .debug_macro   0x00000000000053bb      0x3d5 _build/nrf52840_xxaa/app_uart_fifo.c.o
 .debug_macro   0x0000000000005790       0x18 _build/nrf52840_xxaa/app_uart_fifo.c.o
 .debug_macro   0x00000000000057a8      0x123 _build/nrf52840_xxaa/app_uart_fifo.c.o
 .debug_macro   0x00000000000058cb      0x355 _build/nrf52840_xxaa/nrf_drv_uart.c.o
 .debug_macro   0x0000000000005c20      0x46e _build/nrf52840_xxaa/main.c.o
 .debug_macro   0x000000000000608e      0x190 _build/nrf52840_xxaa/main.c.o
 .debug_macro   0x000000000000621e      0x158 _build/nrf52840_xxaa/system_nrf52840.c.o
 .debug_macro   0x0000000000006376      0x44e _build/nrf52840_xxaa/system_nrf52840.c.o
 .debug_macro   0x00000000000067c4      0xa28 _build/nrf52840_xxaa/system_nrf52840.c.o
 .debug_macro   0x00000000000071ec      0x520 _build/nrf52840_xxaa/system_nrf52840.c.o
 .debug_macro   0x000000000000770c      0x164 _build/nrf52840_xxaa/system_nrf52840.c.o
 .debug_macro   0x0000000000007870       0x10 _build/nrf52840_xxaa/system_nrf52840.c.o

.debug_frame    0x0000000000000000     0x1a80
 .debug_frame   0x0000000000000000       0xf8 _build/nrf52840_xxaa/boards.c.o
 .debug_frame   0x00000000000000f8       0x5c _build/nrf52840_xxaa/heap_1.c.o
 .debug_frame   0x0000000000000154       0x70 _build/nrf52840_xxaa/list.c.o
 .debug_frame   0x00000000000001c4       0x40 _build/nrf52840_xxaa/port.c.o
 .debug_frame   0x0000000000000204       0x84 _build/nrf52840_xxaa/port_cmsis.c.o
 .debug_frame   0x0000000000000288       0x7c _build/nrf52840_xxaa/port_cmsis_systick.c.o
 .debug_frame   0x0000000000000304      0x31c _build/nrf52840_xxaa/queue.c.o
 .debug_frame   0x0000000000000620      0x654 _build/nrf52840_xxaa/tasks.c.o
 .debug_frame   0x0000000000000c74      0x1dc _build/nrf52840_xxaa/timers.c.o
 .debug_frame   0x0000000000000e50       0x54 _build/nrf52840_xxaa/app_error.c.o
 .debug_frame   0x0000000000000ea4       0x20 _build/nrf52840_xxaa/app_error_weak.c.o
 .debug_frame   0x0000000000000ec4       0x70 _build/nrf52840_xxaa/app_util_platform.c.o
 .debug_frame   0x0000000000000f34      0x168 _build/nrf52840_xxaa/nrf_drv_clock.c.o
 .debug_frame   0x000000000000109c      0x19c _build/nrf52840_xxaa/nrfx_uarte.c.o
 .debug_frame   0x0000000000001238      0x140 _build/nrf52840_xxaa/nrfx_clock.c.o
 .debug_frame   0x0000000000001378      0x2d4 _build/nrf52840_xxaa/nrfx_gpiote.c.o
 .debug_frame   0x000000000000164c      0x110 _build/nrf52840_xxaa/app_fifo.c.o
 .debug_frame   0x000000000000175c       0xe0 _build/nrf52840_xxaa/app_uart_fifo.c.o
 .debug_frame   0x000000000000183c       0x58 _build/nrf52840_xxaa/nrf_drv_uart.c.o
 .debug_frame   0x0000000000001894       0xa4 _build/nrf52840_xxaa/main.c.o
 .debug_frame   0x0000000000001938       0x5c _build/nrf52840_xxaa/system_nrf52840.c.o
 .debug_frame   0x0000000000001994       0x28 /home/florijan/gnuarmemb/gcc-arm-none-eabi-9-2019-q4-major/bin/../lib/gcc/arm-none-eabi/9.2.1/../../../../arm-none-eabi/lib/thumb/v7e-m+fp/hard/libc_nano.a(lib_a-exit.o)
 .debug_frame   0x00000000000019bc       0x2c /home/florijan/gnuarmemb/gcc-arm-none-eabi-9-2019-q4-major/bin/../lib/gcc/arm-none-eabi/9.2.1/../../../../arm-none-eabi/lib/thumb/v7e-m+fp/hard/libc_nano.a(lib_a-init.o)
 .debug_frame   0x00000000000019e8       0x28 /home/florijan/gnuarmemb/gcc-arm-none-eabi-9-2019-q4-major/bin/../lib/gcc/arm-none-eabi/9.2.1/../../../../arm-none-eabi/lib/thumb/v7e-m+fp/hard/libc_nano.a(lib_a-memcpy-stub.o)
 .debug_frame   0x0000000000001a10       0x20 /home/florijan/gnuarmemb/gcc-arm-none-eabi-9-2019-q4-major/bin/../lib/gcc/arm-none-eabi/9.2.1/../../../../arm-none-eabi/lib/thumb/v7e-m+fp/hard/libc_nano.a(lib_a-memset.o)
 .debug_frame   0x0000000000001a30       0x30 /home/florijan/gnuarmemb/gcc-arm-none-eabi-9-2019-q4-major/bin/../lib/gcc/arm-none-eabi/9.2.1/../../../../arm-none-eabi/lib/thumb/v7e-m+fp/hard/libc_nano.a(lib_a-strstr.o)
 .debug_frame   0x0000000000001a60       0x20 /home/florijan/gnuarmemb/gcc-arm-none-eabi-9-2019-q4-major/bin/../lib/gcc/arm-none-eabi/9.2.1/../../../../arm-none-eabi/lib/thumb/v7e-m+fp/hard/libnosys.a(_exit.o)
